2025-11-07T19:29:52.842Z INFO SharedStateManager initialized
2025-11-07T19:29:52.844Z INFO Is remote: false
2025-11-07T19:29:52.845Z INFO Starting Local. Installation path: e:\git\New code extraction project for page
2025-11-07T19:29:52.846Z INFO [MainProvider] Creating new MainProvider instance...
2025-11-07T19:29:52.849Z INFO Installation path exists: e:\git\New code extraction project for page
2025-11-07T19:29:52.851Z INFO Initializing database with URL: file:e:\git\New code extraction project for page\pythagora-core\data\database\pythagora.db
2025-11-07T19:29:52.855Z INFO Database file exists, skipping prisma generate/push for faster startup
2025-11-07T19:29:52.856Z INFO Database initialized successfully
2025-11-07T19:29:52.858Z INFO [Migration] Checking for database migration...
2025-11-07T19:29:53.337Z INFO [Migration] No migration needed
2025-11-07T20:12:29.594Z INFO Closing entire Pythagora extension...
2025-11-07T20:12:29.618Z ERROR Error closing extension
Error: Canceled
Stack: Canceled: Canceled
    at new MR (file:///c:/Users/Ekta/AppData/Local/Programs/Microsoft%20VS%20Code/resources/app/out/vs/workbench/api/node/extensionHostProcess.js:29:116391)
    at U4.U (file:///c:/Users/Ekta/AppData/Local/Programs/Microsoft%20VS%20Code/resources/app/out/vs/workbench/api/node/extensionHostProcess.js:29:121001)
    at Proxy.s.<computed>.n.charCodeAt.s.<computed> (file:///c:/Users/Ekta/AppData/Local/Programs/Microsoft%20VS%20Code/resources/app/out/vs/workbench/api/node/extensionHostProcess.js:29:118495)
    at iy.g (file:///c:/Users/Ekta/AppData/Local/Programs/Microsoft%20VS%20Code/resources/app/out/vs/workbench/api/node/extensionHostProcess.js:114:41101)
    at iy.executeCommand (file:///c:/Users/Ekta/AppData/Local/Programs/Microsoft%20VS%20Code/resources/app/out/vs/workbench/api/node/extensionHostProcess.js:114:40605)
    at Object.executeCommand (file:///c:/Users/Ekta/AppData/Local/Programs/Microsoft%20VS%20Code/resources/app/out/vs/workbench/api/node/extensionHostProcess.js:201:105071)
    at closeEntirePythagoraExtension (c:\Users\Ekta\.vscode\extensions\pythagoratechnologies.pythagora-vs-code-2.5.30\out\extension.js:538:31)
    at Object.deactivate (c:\Users\Ekta\.vscode\extensions\pythagoratechnologies.pythagora-vs-code-2.5.30\out\extension.js:429:15)
    at SZ.eb (file:///c:/Users/Ekta/AppData/Local/Programs/Microsoft%20VS%20Code/resources/app/out/vs/workbench/api/node/extensionHostProcess.js:118:11797)
    at file:///c:/Users/Ekta/AppData/Local/Programs/Microsoft%20VS%20Code/resources/app/out/vs/workbench/api/node/extensionHostProcess.js:118:9947
    at Array.map (<anonymous>)
    at SZ.$ (file:///c:/Users/Ekta/AppData/Local/Programs/Microsoft%20VS%20Code/resources/app/out/vs/workbench/api/node/extensionHostProcess.js:118:9935)
    at SZ.terminate (file:///c:/Users/Ekta/AppData/Local/Programs/Microsoft%20VS%20Code/resources/app/out/vs/workbench/api/node/extensionHostProcess.js:118:10178)
    at H3.terminate (file:///c:/Users/Ekta/AppData/Local/Programs/Microsoft%20VS%20Code/resources/app/out/vs/workbench/api/node/extensionHostProcess.js:120:914)
    at Ss (file:///c:/Users/Ekta/AppData/Local/Programs/Microsoft%20VS%20Code/resources/app/out/vs/workbench/api/node/extensionHostProcess.js:393:10409)
    at MessagePortMain.<anonymous> (file:///c:/Users/Ekta/AppData/Local/Programs/Microsoft%20VS%20Code/resources/app/out/vs/workbench/api/node/extensionHostProcess.js:393:6948)
    at MessagePortMain.emit (node:events:519:28)
    at Object.MessagePortMain._internalPort.emit (node:electron/js2c/utility_init:2:2949)
    at Object.callbackTrampoline (node:internal/async_hooks:130:17)
Extra context: {
  "message": "Canceled"
}
2025-11-08T18:14:48.177Z INFO SharedStateManager initialized
2025-11-08T18:14:48.178Z INFO Is remote: false
2025-11-08T18:14:48.178Z INFO Starting Local. Installation path: e:\git\New code extraction project for page
2025-11-08T18:14:48.179Z INFO [MainProvider] Creating new MainProvider instance...
2025-11-08T18:14:48.182Z INFO Installation path exists: e:\git\New code extraction project for page
2025-11-08T18:14:48.183Z INFO Initializing database with URL: file:e:\git\New code extraction project for page\pythagora-core\data\database\pythagora.db
2025-11-08T18:14:48.188Z INFO Database file exists, skipping prisma generate/push for faster startup
2025-11-08T18:14:48.188Z INFO Database initialized successfully
2025-11-08T18:14:48.189Z INFO [Migration] Checking for database migration...
2025-11-08T18:14:48.370Z INFO [Migration] No migration needed
2025-11-10T18:48:39.898Z INFO Closing entire Pythagora extension...
2025-11-10T18:48:40.012Z ERROR Error closing extension
Error: Canceled
Stack: Canceled: Canceled
    at new MR (file:///c:/Users/Ekta/AppData/Local/Programs/Microsoft%20VS%20Code/resources/app/out/vs/workbench/api/node/extensionHostProcess.js:29:116391)
    at U4.U (file:///c:/Users/Ekta/AppData/Local/Programs/Microsoft%20VS%20Code/resources/app/out/vs/workbench/api/node/extensionHostProcess.js:29:121001)
    at Proxy.s.<computed>.n.charCodeAt.s.<computed> (file:///c:/Users/Ekta/AppData/Local/Programs/Microsoft%20VS%20Code/resources/app/out/vs/workbench/api/node/extensionHostProcess.js:29:118495)
    at iy.g (file:///c:/Users/Ekta/AppData/Local/Programs/Microsoft%20VS%20Code/resources/app/out/vs/workbench/api/node/extensionHostProcess.js:114:41101)
    at iy.executeCommand (file:///c:/Users/Ekta/AppData/Local/Programs/Microsoft%20VS%20Code/resources/app/out/vs/workbench/api/node/extensionHostProcess.js:114:40605)
    at Object.executeCommand (file:///c:/Users/Ekta/AppData/Local/Programs/Microsoft%20VS%20Code/resources/app/out/vs/workbench/api/node/extensionHostProcess.js:201:105071)
    at closeEntirePythagoraExtension (c:\Users\Ekta\.vscode\extensions\pythagoratechnologies.pythagora-vs-code-2.5.30\out\extension.js:538:31)
    at Object.deactivate (c:\Users\Ekta\.vscode\extensions\pythagoratechnologies.pythagora-vs-code-2.5.30\out\extension.js:429:15)
    at SZ.eb (file:///c:/Users/Ekta/AppData/Local/Programs/Microsoft%20VS%20Code/resources/app/out/vs/workbench/api/node/extensionHostProcess.js:118:11797)
    at file:///c:/Users/Ekta/AppData/Local/Programs/Microsoft%20VS%20Code/resources/app/out/vs/workbench/api/node/extensionHostProcess.js:118:9947
    at Array.map (<anonymous>)
    at SZ.$ (file:///c:/Users/Ekta/AppData/Local/Programs/Microsoft%20VS%20Code/resources/app/out/vs/workbench/api/node/extensionHostProcess.js:118:9935)
    at SZ.terminate (file:///c:/Users/Ekta/AppData/Local/Programs/Microsoft%20VS%20Code/resources/app/out/vs/workbench/api/node/extensionHostProcess.js:118:10178)
    at H3.terminate (file:///c:/Users/Ekta/AppData/Local/Programs/Microsoft%20VS%20Code/resources/app/out/vs/workbench/api/node/extensionHostProcess.js:120:914)
    at Ss (file:///c:/Users/Ekta/AppData/Local/Programs/Microsoft%20VS%20Code/resources/app/out/vs/workbench/api/node/extensionHostProcess.js:393:10409)
    at MessagePortMain.<anonymous> (file:///c:/Users/Ekta/AppData/Local/Programs/Microsoft%20VS%20Code/resources/app/out/vs/workbench/api/node/extensionHostProcess.js:393:6948)
    at MessagePortMain.emit (node:events:519:28)
    at Object.MessagePortMain._internalPort.emit (node:electron/js2c/utility_init:2:2949)
    at Object.callbackTrampoline (node:internal/async_hooks:130:17)
Extra context: {
  "message": "Canceled"
}
2025-11-10T18:49:32.528Z INFO SharedStateManager initialized
2025-11-10T18:49:32.528Z INFO Is remote: false
2025-11-10T18:49:32.529Z INFO Starting Local. Installation path: e:\git\New code extraction project for page
2025-11-10T18:49:32.530Z INFO [MainProvider] Creating new MainProvider instance...
2025-11-10T18:49:32.533Z INFO Installation path exists: e:\git\New code extraction project for page
2025-11-10T18:49:32.535Z INFO Initializing database with URL: file:e:\git\New code extraction project for page\pythagora-core\data\database\pythagora.db
2025-11-10T18:49:32.539Z INFO Database file exists, skipping prisma generate/push for faster startup
2025-11-10T18:49:32.540Z INFO Database initialized successfully
2025-11-10T18:49:32.541Z INFO [Migration] Checking for database migration...
2025-11-10T18:49:32.768Z INFO [Migration] No migration needed
2025-11-10T18:51:54.241Z INFO [MainProvider] First file opened, creating split view
2025-11-10T18:51:54.285Z INFO splitCodeView: Creating split layout with code on left, Pythagora on right
2025-11-10T18:51:54.703Z INFO splitCodeView: Split layout created successfully
2025-11-10T18:51:55.121Z INFO [MainProvider] First file opened, creating split view
2025-11-10T18:51:55.121Z INFO splitCodeView: Creating split layout with code on left, Pythagora on right
2025-11-10T18:51:55.214Z INFO splitCodeView: Split layout created successfully
2025-11-10T19:27:52.821Z INFO [MainProvider] First file opened, creating split view
2025-11-10T19:27:52.822Z INFO splitCodeView: Creating split layout with code on left, Pythagora on right
2025-11-10T19:27:52.987Z INFO splitCodeView: Split layout created successfully
2025-11-10T19:27:53.454Z INFO [MainProvider] First file opened, creating split view
2025-11-10T19:27:53.455Z INFO splitCodeView: Creating split layout with code on left, Pythagora on right
2025-11-10T19:27:53.527Z INFO splitCodeView: Split layout created successfully
2025-11-10T19:28:19.883Z INFO [MainProvider] First file opened, creating split view
2025-11-10T19:28:19.884Z INFO splitCodeView: Creating split layout with code on left, Pythagora on right
2025-11-10T19:28:19.973Z INFO splitCodeView: Split layout created successfully
2025-11-10T19:28:21.546Z INFO [MainProvider] First file opened, creating split view
2025-11-10T19:28:21.547Z INFO splitCodeView: Creating split layout with code on left, Pythagora on right
2025-11-10T19:28:21.620Z INFO splitCodeView: Split layout created successfully
2025-11-10T19:29:40.975Z INFO [MainProvider] First file opened, creating split view
2025-11-10T19:29:40.976Z INFO splitCodeView: Creating split layout with code on left, Pythagora on right
2025-11-10T19:29:41.312Z INFO splitCodeView: Split layout created successfully
2025-11-11T19:43:08.079Z INFO [MainProvider] First file opened, creating split view
2025-11-11T19:43:08.080Z INFO splitCodeView: Creating split layout with code on left, Pythagora on right
2025-11-11T19:43:08.233Z INFO splitCodeView: Split layout created successfully
2025-11-11T19:44:37.492Z INFO Successfully restored from code view
2025-11-11T19:50:33.318Z INFO [MainProvider] First file opened, creating split view
2025-11-11T19:50:33.319Z INFO splitCodeView: Creating split layout with code on left, Pythagora on right
2025-11-11T19:50:33.606Z INFO splitCodeView: Split layout created successfully
2025-11-11T19:51:56.580Z INFO [MainProvider] First file opened, creating split view
2025-11-11T19:51:56.580Z INFO splitCodeView: Creating split layout with code on left, Pythagora on right
2025-11-11T19:51:56.850Z INFO splitCodeView: Split layout created successfully
2025-11-11T19:57:13.947Z INFO [MainProvider] First file opened, creating split view
2025-11-11T19:57:13.947Z INFO splitCodeView: Creating split layout with code on left, Pythagora on right
2025-11-11T19:57:14.211Z INFO splitCodeView: Split layout created successfully
2025-11-11T19:57:49.446Z INFO [MainProvider] First file opened, creating split view
2025-11-11T19:57:49.447Z INFO splitCodeView: Creating split layout with code on left, Pythagora on right
2025-11-11T19:57:49.565Z WARN [{}] Error closing empty group during restore:
2025-11-11T19:57:49.669Z INFO [MainProvider] First file opened, creating split view
2025-11-11T19:57:49.670Z INFO splitCodeView: Creating split layout with code on left, Pythagora on right
2025-11-11T19:57:49.674Z INFO Successfully restored from code view
2025-11-11T19:57:49.778Z INFO splitCodeView: Split layout created successfully
2025-11-11T19:57:49.928Z INFO splitCodeView: Split layout created successfully
2025-11-11T19:58:11.163Z INFO Successfully restored from code view
2025-11-11T19:58:12.977Z INFO [MainProvider] First file opened, creating split view
2025-11-11T19:58:12.977Z INFO splitCodeView: Creating split layout with code on left, Pythagora on right
2025-11-11T19:58:13.216Z INFO splitCodeView: Split layout created successfully
2025-11-11T19:58:19.669Z INFO [MainProvider] First file opened, creating split view
2025-11-11T19:58:19.669Z INFO splitCodeView: Creating split layout with code on left, Pythagora on right
2025-11-11T19:58:19.925Z INFO splitCodeView: Split layout created successfully
2025-11-11T20:08:25.394Z INFO [MainProvider] First file opened, creating split view
2025-11-11T20:08:25.409Z INFO splitCodeView: Creating split layout with code on left, Pythagora on right
2025-11-11T20:08:25.499Z WARN [{}] Error closing empty group during restore:
2025-11-11T20:08:25.603Z INFO Successfully restored from code view
2025-11-11T20:08:25.618Z INFO [MainProvider] First file opened, creating split view
2025-11-11T20:08:25.619Z INFO splitCodeView: Creating split layout with code on left, Pythagora on right
2025-11-11T20:08:25.659Z INFO splitCodeView: Split layout created successfully
2025-11-11T20:08:25.879Z INFO splitCodeView: Split layout created successfully
2025-11-11T20:08:36.856Z INFO [MainProvider] First file opened, creating split view
2025-11-11T20:08:36.857Z INFO splitCodeView: Creating split layout with code on left, Pythagora on right
2025-11-11T20:08:37.086Z INFO splitCodeView: Split layout created successfully
2025-11-11T20:09:52.942Z INFO [MainProvider] First file opened, creating split view
2025-11-11T20:09:52.942Z INFO splitCodeView: Creating split layout with code on left, Pythagora on right
2025-11-11T20:09:53.000Z INFO splitCodeView: Split layout created successfully
2025-11-11T20:09:53.231Z INFO Successfully restored from code view
2025-11-11T20:09:53.528Z INFO [MainProvider] First file opened, creating split view
2025-11-11T20:09:53.528Z INFO splitCodeView: Creating split layout with code on left, Pythagora on right
2025-11-11T20:09:53.755Z INFO splitCodeView: Split layout created successfully
2025-11-11T20:10:00.694Z INFO [MainProvider] First file opened, creating split view
2025-11-11T20:10:00.694Z INFO splitCodeView: Creating split layout with code on left, Pythagora on right
2025-11-11T20:10:00.915Z INFO splitCodeView: Split layout created successfully
2025-11-11T20:10:08.821Z INFO [MainProvider] First file opened, creating split view
2025-11-11T20:10:08.821Z INFO splitCodeView: Creating split layout with code on left, Pythagora on right
2025-11-11T20:10:08.890Z INFO splitCodeView: Split layout created successfully
2025-11-12T18:38:12.782Z INFO [MainProvider] First file opened, creating split view
2025-11-12T18:38:12.782Z INFO splitCodeView: Creating split layout with code on left, Pythagora on right
2025-11-12T18:38:12.911Z INFO Successfully restored from code view
2025-11-12T18:38:12.934Z INFO [MainProvider] First file opened, creating split view
2025-11-12T18:38:12.936Z INFO splitCodeView: Creating split layout with code on left, Pythagora on right
2025-11-12T18:38:13.026Z INFO splitCodeView: Split layout created successfully
2025-11-12T18:38:13.083Z INFO splitCodeView: Split layout created successfully
2025-11-12T19:40:45.294Z INFO Closing entire Pythagora extension...
2025-11-12T19:40:45.432Z ERROR Error closing extension
Error: Canceled
Stack: Canceled: Canceled
    at new MR (file:///c:/Users/Ekta/AppData/Local/Programs/Microsoft%20VS%20Code/resources/app/out/vs/workbench/api/node/extensionHostProcess.js:29:116391)
    at U4.U (file:///c:/Users/Ekta/AppData/Local/Programs/Microsoft%20VS%20Code/resources/app/out/vs/workbench/api/node/extensionHostProcess.js:29:121001)
    at Proxy.s.<computed>.n.charCodeAt.s.<computed> (file:///c:/Users/Ekta/AppData/Local/Programs/Microsoft%20VS%20Code/resources/app/out/vs/workbench/api/node/extensionHostProcess.js:29:118495)
    at iy.g (file:///c:/Users/Ekta/AppData/Local/Programs/Microsoft%20VS%20Code/resources/app/out/vs/workbench/api/node/extensionHostProcess.js:114:41101)
    at iy.executeCommand (file:///c:/Users/Ekta/AppData/Local/Programs/Microsoft%20VS%20Code/resources/app/out/vs/workbench/api/node/extensionHostProcess.js:114:40605)
    at Object.executeCommand (file:///c:/Users/Ekta/AppData/Local/Programs/Microsoft%20VS%20Code/resources/app/out/vs/workbench/api/node/extensionHostProcess.js:201:105071)
    at closeEntirePythagoraExtension (c:\Users\Ekta\.vscode\extensions\pythagoratechnologies.pythagora-vs-code-2.5.31\out\extension.js:536:31)
    at Object.deactivate (c:\Users\Ekta\.vscode\extensions\pythagoratechnologies.pythagora-vs-code-2.5.31\out\extension.js:427:15)
    at SZ.eb (file:///c:/Users/Ekta/AppData/Local/Programs/Microsoft%20VS%20Code/resources/app/out/vs/workbench/api/node/extensionHostProcess.js:118:11797)
    at file:///c:/Users/Ekta/AppData/Local/Programs/Microsoft%20VS%20Code/resources/app/out/vs/workbench/api/node/extensionHostProcess.js:118:9947
    at Array.map (<anonymous>)
    at SZ.$ (file:///c:/Users/Ekta/AppData/Local/Programs/Microsoft%20VS%20Code/resources/app/out/vs/workbench/api/node/extensionHostProcess.js:118:9935)
    at SZ.terminate (file:///c:/Users/Ekta/AppData/Local/Programs/Microsoft%20VS%20Code/resources/app/out/vs/workbench/api/node/extensionHostProcess.js:118:10178)
    at H3.terminate (file:///c:/Users/Ekta/AppData/Local/Programs/Microsoft%20VS%20Code/resources/app/out/vs/workbench/api/node/extensionHostProcess.js:120:914)
    at Ss (file:///c:/Users/Ekta/AppData/Local/Programs/Microsoft%20VS%20Code/resources/app/out/vs/workbench/api/node/extensionHostProcess.js:393:10409)
    at MessagePortMain.<anonymous> (file:///c:/Users/Ekta/AppData/Local/Programs/Microsoft%20VS%20Code/resources/app/out/vs/workbench/api/node/extensionHostProcess.js:393:6948)
    at MessagePortMain.emit (node:events:519:28)
    at Object.MessagePortMain._internalPort.emit (node:electron/js2c/utility_init:2:2949)
    at Object.callbackTrampoline (node:internal/async_hooks:130:17)
Extra context: {
  "message": "Canceled"
}
2025-11-12T20:22:50.902Z INFO SharedStateManager initialized
2025-11-12T20:22:50.904Z INFO Is remote: false
2025-11-12T20:22:50.905Z INFO Starting Local. Installation path: e:\git\New code extraction project for page
2025-11-12T20:22:50.905Z INFO [MainProvider] Creating new MainProvider instance...
2025-11-12T20:22:50.907Z INFO Installation path exists: e:\git\New code extraction project for page
2025-11-12T20:22:50.908Z INFO Initializing database with URL: file:e:\git\New code extraction project for page\pythagora-core\data\database\pythagora.db
2025-11-12T20:22:50.912Z INFO Database file exists, skipping prisma generate/push for faster startup
2025-11-12T20:22:50.913Z INFO Database initialized successfully
2025-11-12T20:22:50.914Z INFO [Migration] Checking for database migration...
2025-11-12T20:22:51.124Z INFO [Migration] No migration needed
2025-11-12T20:51:01.506Z INFO [MainProvider] First file opened, creating split view
2025-11-12T20:51:01.507Z INFO splitCodeView: Creating split layout with code on left, Pythagora on right
2025-11-12T20:51:02.151Z INFO splitCodeView: Split layout created successfully
2025-11-13T17:40:54.945Z INFO [MainProvider] First file opened, creating split view
2025-11-13T17:40:54.946Z INFO splitCodeView: Creating split layout with code on left, Pythagora on right
2025-11-13T17:40:55.893Z INFO splitCodeView: Split layout created successfully
2025-11-13T17:59:21.288Z INFO [MainProvider] First file opened, creating split view
2025-11-13T17:59:21.288Z INFO splitCodeView: Creating split layout with code on left, Pythagora on right
2025-11-13T17:59:21.372Z INFO splitCodeView: Split layout created successfully
2025-11-13T17:59:21.511Z INFO [MainProvider] First file opened, creating split view
2025-11-13T17:59:21.511Z INFO splitCodeView: Creating split layout with code on left, Pythagora on right
2025-11-13T17:59:21.592Z INFO [MainProvider] First file opened, creating split view
2025-11-13T17:59:21.593Z INFO splitCodeView: Creating split layout with code on left, Pythagora on right
2025-11-13T17:59:21.616Z INFO Successfully restored from code view
2025-11-13T17:59:21.658Z INFO splitCodeView: Split layout created successfully
2025-11-13T17:59:21.736Z INFO splitCodeView: Split layout created successfully
2025-11-13T17:59:24.532Z INFO Successfully restored from code view
2025-11-13T17:59:26.660Z INFO [MainProvider] First file opened, creating split view
2025-11-13T17:59:26.660Z INFO splitCodeView: Creating split layout with code on left, Pythagora on right
2025-11-13T17:59:26.905Z INFO splitCodeView: Split layout created successfully
2025-11-13T17:59:32.759Z INFO [MainProvider] First file opened, creating split view
2025-11-13T17:59:32.760Z INFO splitCodeView: Creating split layout with code on left, Pythagora on right
2025-11-13T17:59:32.985Z INFO splitCodeView: Split layout created successfully
2025-11-13T18:01:26.037Z INFO [MainProvider] First file opened, creating split view
2025-11-13T18:01:26.038Z INFO splitCodeView: Creating split layout with code on left, Pythagora on right
2025-11-13T18:01:26.104Z INFO splitCodeView: Split layout created successfully
2025-11-13T18:04:46.790Z INFO Successfully restored from code view
2025-11-13T18:04:51.717Z INFO [MainProvider] First file opened, creating split view
2025-11-13T18:04:51.718Z INFO splitCodeView: Creating split layout with code on left, Pythagora on right
2025-11-13T18:04:51.955Z INFO splitCodeView: Split layout created successfully
2025-11-13T18:04:53.459Z INFO [MainProvider] First file opened, creating split view
2025-11-13T18:04:53.459Z INFO splitCodeView: Creating split layout with code on left, Pythagora on right
2025-11-13T18:04:53.520Z INFO splitCodeView: Split layout created successfully
2025-11-13T18:25:01.257Z INFO Successfully restored from code view
2025-11-13T18:25:03.617Z INFO [MainProvider] First file opened, creating split view
2025-11-13T18:25:03.618Z INFO splitCodeView: Creating split layout with code on left, Pythagora on right
2025-11-13T18:25:03.847Z INFO splitCodeView: Split layout created successfully
2025-11-13T18:31:12.469Z INFO [MainProvider] First file opened, creating split view
2025-11-13T18:31:12.470Z INFO splitCodeView: Creating split layout with code on left, Pythagora on right
2025-11-13T18:31:12.703Z INFO splitCodeView: Split layout created successfully
2025-11-13T18:31:25.462Z INFO [MainProvider] First file opened, creating split view
2025-11-13T18:31:25.462Z INFO splitCodeView: Creating split layout with code on left, Pythagora on right
2025-11-13T18:31:25.536Z INFO splitCodeView: Split layout created successfully
2025-11-13T19:28:03.212Z INFO Successfully restored from code view
2025-11-13T19:28:05.877Z INFO [MainProvider] First file opened, creating split view
2025-11-13T19:28:05.878Z INFO splitCodeView: Creating split layout with code on left, Pythagora on right
2025-11-13T19:28:06.128Z INFO splitCodeView: Split layout created successfully
2025-11-13T19:28:13.368Z INFO [MainProvider] First file opened, creating split view
2025-11-13T19:28:13.370Z INFO splitCodeView: Creating split layout with code on left, Pythagora on right
2025-11-13T19:28:13.589Z INFO splitCodeView: Split layout created successfully
2025-11-13T19:28:20.346Z INFO [MainProvider] First file opened, creating split view
2025-11-13T19:28:20.347Z INFO splitCodeView: Creating split layout with code on left, Pythagora on right
2025-11-13T19:28:20.413Z INFO splitCodeView: Split layout created successfully
2025-11-13T19:28:43.966Z INFO Successfully restored from code view
2025-11-13T19:28:46.384Z INFO [MainProvider] First file opened, creating split view
2025-11-13T19:28:46.385Z INFO splitCodeView: Creating split layout with code on left, Pythagora on right
2025-11-13T19:28:46.599Z INFO splitCodeView: Split layout created successfully
2025-11-13T19:28:55.467Z INFO [MainProvider] First file opened, creating split view
2025-11-13T19:28:55.468Z INFO splitCodeView: Creating split layout with code on left, Pythagora on right
2025-11-13T19:28:55.693Z INFO splitCodeView: Split layout created successfully
2025-11-13T19:29:01.303Z INFO [MainProvider] First file opened, creating split view
2025-11-13T19:29:01.304Z INFO splitCodeView: Creating split layout with code on left, Pythagora on right
2025-11-13T19:29:01.371Z INFO splitCodeView: Split layout created successfully
2025-11-13T20:26:00.681Z INFO Successfully restored from code view
2025-11-13T20:44:04.889Z INFO [MainProvider] First file opened, creating split view
2025-11-13T20:44:04.892Z INFO splitCodeView: Creating split layout with code on left, Pythagora on right
2025-11-13T20:44:05.369Z INFO splitCodeView: Split layout created successfully
2025-11-13T20:44:10.192Z INFO [MainProvider] First file opened, creating split view
2025-11-13T20:44:10.195Z INFO splitCodeView: Creating split layout with code on left, Pythagora on right
2025-11-13T20:44:10.305Z INFO splitCodeView: Split layout created successfully
2025-11-15T15:06:30.196Z INFO Successfully restored from code view
2025-11-15T15:12:15.111Z INFO [MainProvider] First file opened, creating split view
2025-11-15T15:12:15.113Z INFO splitCodeView: Creating split layout with code on left, Pythagora on right
2025-11-15T15:12:15.369Z INFO splitCodeView: Split layout created successfully
2025-11-15T15:14:40.182Z INFO [MainProvider] First file opened, creating split view
2025-11-15T15:14:40.183Z INFO splitCodeView: Creating split layout with code on left, Pythagora on right
2025-11-15T15:14:40.240Z INFO splitCodeView: Split layout created successfully
2025-11-15T15:57:20.140Z INFO [MainProvider] First file opened, creating split view
2025-11-15T15:57:20.142Z INFO splitCodeView: Creating split layout with code on left, Pythagora on right
2025-11-15T15:57:20.235Z INFO splitCodeView: Split layout created successfully
2025-11-15T18:49:06.279Z INFO Successfully restored from code view
2025-11-15T18:49:09.075Z INFO [MainProvider] First file opened, creating split view
2025-11-15T18:49:09.076Z INFO splitCodeView: Creating split layout with code on left, Pythagora on right
2025-11-15T18:49:09.330Z INFO splitCodeView: Split layout created successfully
2025-11-15T18:49:18.972Z INFO [MainProvider] First file opened, creating split view
2025-11-15T18:49:18.973Z INFO splitCodeView: Creating split layout with code on left, Pythagora on right
2025-11-15T18:49:19.218Z INFO splitCodeView: Split layout created successfully
2025-11-15T18:49:28.628Z INFO [MainProvider] First file opened, creating split view
2025-11-15T18:49:28.629Z INFO splitCodeView: Creating split layout with code on left, Pythagora on right
2025-11-15T18:49:28.689Z INFO splitCodeView: Split layout created successfully
2025-11-15T18:49:28.848Z INFO [MainProvider] First file opened, creating split view
2025-11-15T18:49:28.848Z INFO splitCodeView: Creating split layout with code on left, Pythagora on right
2025-11-15T18:49:28.901Z INFO Successfully restored from code view
2025-11-15T18:49:29.068Z INFO splitCodeView: Split layout created successfully
2025-11-15T18:50:34.440Z INFO [MainProvider] First file opened, creating split view
2025-11-15T18:50:34.440Z INFO splitCodeView: Creating split layout with code on left, Pythagora on right
2025-11-15T18:50:34.658Z INFO splitCodeView: Split layout created successfully
2025-11-15T18:50:42.767Z INFO [MainProvider] First file opened, creating split view
2025-11-15T18:50:42.768Z INFO splitCodeView: Creating split layout with code on left, Pythagora on right
2025-11-15T18:50:42.850Z INFO splitCodeView: Split layout created successfully
2025-11-15T19:13:05.616Z INFO Successfully restored from code view
2025-11-15T19:13:08.025Z INFO [MainProvider] First file opened, creating split view
2025-11-15T19:13:08.025Z INFO splitCodeView: Creating split layout with code on left, Pythagora on right
2025-11-15T19:13:08.287Z INFO splitCodeView: Split layout created successfully
2025-11-15T19:16:01.596Z INFO [MainProvider] First file opened, creating split view
2025-11-15T19:16:01.597Z INFO splitCodeView: Creating split layout with code on left, Pythagora on right
2025-11-15T19:16:01.952Z INFO splitCodeView: Split layout created successfully
2025-11-15T19:17:05.930Z INFO [MainProvider] First file opened, creating split view
2025-11-15T19:17:05.931Z INFO splitCodeView: Creating split layout with code on left, Pythagora on right
2025-11-15T19:17:05.986Z INFO splitCodeView: Split layout created successfully
2025-11-15T19:17:06.233Z INFO Successfully restored from code view
2025-11-15T19:17:07.532Z INFO [MainProvider] First file opened, creating split view
2025-11-15T19:17:07.533Z INFO splitCodeView: Creating split layout with code on left, Pythagora on right
2025-11-15T19:17:07.754Z INFO splitCodeView: Split layout created successfully
2025-11-15T19:19:23.549Z INFO [MainProvider] First file opened, creating split view
2025-11-15T19:19:23.550Z INFO splitCodeView: Creating split layout with code on left, Pythagora on right
2025-11-15T19:19:23.815Z INFO splitCodeView: Split layout created successfully
2025-11-15T19:19:56.057Z INFO [MainProvider] First file opened, creating split view
2025-11-15T19:19:56.057Z INFO splitCodeView: Creating split layout with code on left, Pythagora on right
2025-11-15T19:19:56.129Z INFO splitCodeView: Split layout created successfully
2025-11-15T19:19:56.544Z INFO Successfully restored from code view
2025-11-15T19:19:59.429Z INFO [MainProvider] First file opened, creating split view
2025-11-15T19:19:59.430Z INFO splitCodeView: Creating split layout with code on left, Pythagora on right
2025-11-15T19:19:59.652Z INFO splitCodeView: Split layout created successfully
2025-11-15T19:20:01.847Z INFO [MainProvider] First file opened, creating split view
2025-11-15T19:20:01.848Z INFO splitCodeView: Creating split layout with code on left, Pythagora on right
2025-11-15T19:20:02.060Z INFO splitCodeView: Split layout created successfully
2025-11-15T19:20:25.410Z INFO [MainProvider] First file opened, creating split view
2025-11-15T19:20:25.411Z INFO splitCodeView: Creating split layout with code on left, Pythagora on right
2025-11-15T19:20:25.498Z INFO splitCodeView: Split layout created successfully
2025-11-15T19:24:23.488Z INFO [MainProvider] First file opened, creating split view
2025-11-15T19:24:23.489Z INFO splitCodeView: Creating split layout with code on left, Pythagora on right
2025-11-15T19:24:23.564Z INFO splitCodeView: Split layout created successfully
2025-11-15T20:16:02.399Z INFO Successfully restored from code view
2025-11-15T20:17:30.631Z INFO [MainProvider] First file opened, creating split view
2025-11-15T20:17:30.632Z INFO splitCodeView: Creating split layout with code on left, Pythagora on right
2025-11-15T20:17:30.900Z INFO splitCodeView: Split layout created successfully
2025-11-15T20:43:42.083Z INFO [MainProvider] First file opened, creating split view
2025-11-15T20:43:42.084Z INFO splitCodeView: Creating split layout with code on left, Pythagora on right
2025-11-15T20:43:42.150Z INFO splitCodeView: Split layout created successfully
2025-11-16T10:54:03.704Z INFO Successfully restored from code view
2025-11-16T10:54:06.391Z INFO [MainProvider] First file opened, creating split view
2025-11-16T10:54:06.393Z INFO splitCodeView: Creating split layout with code on left, Pythagora on right
2025-11-16T10:54:06.819Z INFO splitCodeView: Split layout created successfully
2025-11-16T10:55:53.614Z INFO [MainProvider] First file opened, creating split view
2025-11-16T10:55:53.618Z INFO splitCodeView: Creating split layout with code on left, Pythagora on right
2025-11-16T10:55:53.999Z INFO splitCodeView: Split layout created successfully
2025-11-16T20:43:33.896Z INFO [MainProvider] First file opened, creating split view
2025-11-16T20:43:33.897Z INFO splitCodeView: Creating split layout with code on left, Pythagora on right
2025-11-16T20:43:34.010Z INFO splitCodeView: Split layout created successfully
2025-11-17T12:48:29.757Z INFO Successfully restored from code view
2025-11-17T12:48:31.799Z INFO [MainProvider] First file opened, creating split view
2025-11-17T12:48:31.800Z INFO splitCodeView: Creating split layout with code on left, Pythagora on right
2025-11-17T12:48:32.107Z INFO splitCodeView: Split layout created successfully
2025-11-17T19:01:05.886Z INFO [MainProvider] First file opened, creating split view
2025-11-17T19:01:05.889Z INFO splitCodeView: Creating split layout with code on left, Pythagora on right
2025-11-17T19:01:06.364Z INFO splitCodeView: Split layout created successfully
2025-11-17T19:01:15.714Z INFO [MainProvider] First file opened, creating split view
2025-11-17T19:01:15.716Z INFO splitCodeView: Creating split layout with code on left, Pythagora on right
2025-11-17T19:01:15.894Z INFO splitCodeView: Split layout created successfully
2025-11-17T19:07:34.380Z INFO Successfully restored from code view
2025-11-17T19:07:36.853Z INFO [MainProvider] First file opened, creating split view
2025-11-17T19:07:36.853Z INFO splitCodeView: Creating split layout with code on left, Pythagora on right
2025-11-17T19:07:37.095Z INFO splitCodeView: Split layout created successfully
2025-11-17T19:08:00.878Z INFO [MainProvider] First file opened, creating split view
2025-11-17T19:08:00.879Z INFO splitCodeView: Creating split layout with code on left, Pythagora on right
2025-11-17T19:08:01.160Z INFO splitCodeView: Split layout created successfully
2025-11-17T19:08:51.645Z INFO [MainProvider] First file opened, creating split view
2025-11-17T19:08:51.646Z INFO splitCodeView: Creating split layout with code on left, Pythagora on right
2025-11-17T19:08:51.722Z INFO splitCodeView: Split layout created successfully
2025-11-18T20:13:22.666Z INFO Successfully restored from code view
2025-11-18T20:13:24.886Z INFO [MainProvider] First file opened, creating split view
2025-11-18T20:13:24.888Z INFO splitCodeView: Creating split layout with code on left, Pythagora on right
2025-11-18T20:13:25.326Z INFO splitCodeView: Split layout created successfully
2025-11-18T20:14:16.055Z INFO [MainProvider] First file opened, creating split view
2025-11-18T20:14:16.055Z INFO splitCodeView: Creating split layout with code on left, Pythagora on right
2025-11-18T20:14:16.454Z INFO splitCodeView: Split layout created successfully
2025-11-18T20:14:18.535Z INFO [MainProvider] First file opened, creating split view
2025-11-18T20:14:18.535Z INFO splitCodeView: Creating split layout with code on left, Pythagora on right
2025-11-18T20:14:18.651Z INFO splitCodeView: Split layout created successfully
2025-11-20T04:24:56.994Z INFO [MainProvider] First file opened, creating split view
2025-11-20T04:24:56.995Z INFO splitCodeView: Creating split layout with code on left, Pythagora on right
2025-11-20T04:24:57.126Z INFO splitCodeView: Split layout created successfully
2025-11-20T04:49:24.766Z INFO Successfully restored from code view
2025-11-20T04:49:32.756Z INFO [MainProvider] First file opened, creating split view
2025-11-20T04:49:32.757Z INFO splitCodeView: Creating split layout with code on left, Pythagora on right
2025-11-20T04:49:33.047Z INFO splitCodeView: Split layout created successfully
2025-11-20T04:49:42.895Z INFO [MainProvider] First file opened, creating split view
2025-11-20T04:49:42.896Z INFO splitCodeView: Creating split layout with code on left, Pythagora on right
2025-11-20T04:49:43.096Z INFO splitCodeView: Split layout created successfully
2025-11-20T05:12:55.693Z INFO [MainProvider] First file opened, creating split view
2025-11-20T05:12:55.697Z INFO splitCodeView: Creating split layout with code on left, Pythagora on right
2025-11-20T05:12:55.825Z INFO splitCodeView: Split layout created successfully
2025-11-20T18:35:38.173Z INFO [MainProvider] First file opened, creating split view
2025-11-20T18:35:38.179Z INFO splitCodeView: Creating split layout with code on left, Pythagora on right
2025-11-20T18:35:38.362Z INFO splitCodeView: Split layout created successfully
2025-11-20T18:52:27.038Z INFO Successfully restored from code view
2025-11-20T18:52:27.081Z INFO [MainProvider] First file opened, creating split view
2025-11-20T18:52:27.081Z INFO splitCodeView: Creating split layout with code on left, Pythagora on right
2025-11-20T18:52:27.349Z INFO splitCodeView: Split layout created successfully
2025-11-20T18:52:35.645Z INFO [MainProvider] First file opened, creating split view
2025-11-20T18:52:35.645Z INFO splitCodeView: Creating split layout with code on left, Pythagora on right
2025-11-20T18:52:35.899Z INFO splitCodeView: Split layout created successfully
2025-11-20T18:52:45.588Z INFO [MainProvider] First file opened, creating split view
2025-11-20T18:52:45.588Z INFO splitCodeView: Creating split layout with code on left, Pythagora on right
2025-11-20T18:52:45.653Z INFO splitCodeView: Split layout created successfully
2025-11-20T18:55:38.394Z INFO [MainProvider] First file opened, creating split view
2025-11-20T18:55:38.395Z INFO splitCodeView: Creating split layout with code on left, Pythagora on right
2025-11-20T18:55:38.456Z INFO Successfully restored from code view
2025-11-20T18:55:38.656Z INFO splitCodeView: Split layout created successfully
2025-11-20T18:55:42.387Z INFO [MainProvider] First file opened, creating split view
2025-11-20T18:55:42.388Z INFO splitCodeView: Creating split layout with code on left, Pythagora on right
2025-11-20T18:55:42.670Z INFO splitCodeView: Split layout created successfully
2025-11-20T18:55:56.823Z INFO [MainProvider] First file opened, creating split view
2025-11-20T18:55:56.823Z INFO splitCodeView: Creating split layout with code on left, Pythagora on right
2025-11-20T18:55:57.121Z INFO splitCodeView: Split layout created successfully
2025-11-22T18:28:59.120Z INFO Successfully restored from code view
2025-11-22T18:29:06.178Z INFO [MainProvider] First file opened, creating split view
2025-11-22T18:29:06.180Z INFO splitCodeView: Creating split layout with code on left, Pythagora on right
2025-11-22T18:29:06.820Z INFO splitCodeView: Split layout created successfully
2025-11-22T18:45:06.655Z INFO [MainProvider] First file opened, creating split view
2025-11-22T18:45:06.659Z INFO splitCodeView: Creating split layout with code on left, Pythagora on right
2025-11-22T18:45:07.189Z INFO splitCodeView: Split layout created successfully
2025-11-22T18:46:26.439Z INFO [MainProvider] First file opened, creating split view
2025-11-22T18:46:26.440Z INFO splitCodeView: Creating split layout with code on left, Pythagora on right
2025-11-22T18:46:26.623Z INFO splitCodeView: Split layout created successfully
2025-11-25T18:14:55.752Z INFO Successfully restored from code view
2025-11-25T18:14:55.792Z INFO [MainProvider] First file opened, creating split view
2025-11-25T18:14:55.792Z INFO splitCodeView: Creating split layout with code on left, Pythagora on right
2025-11-25T18:14:56.017Z INFO splitCodeView: Split layout created successfully
2025-11-25T18:15:02.896Z INFO [MainProvider] First file opened, creating split view
2025-11-25T18:15:02.897Z INFO splitCodeView: Creating split layout with code on left, Pythagora on right
2025-11-25T18:15:03.219Z INFO splitCodeView: Split layout created successfully
2025-11-25T18:31:36.066Z INFO [MainProvider] First file opened, creating split view
2025-11-25T18:31:36.068Z INFO splitCodeView: Creating split layout with code on left, Pythagora on right
2025-11-25T18:31:36.179Z INFO splitCodeView: Split layout created successfully
2025-11-26T18:10:11.844Z INFO Successfully restored from code view
2025-11-26T18:10:14.114Z INFO [MainProvider] First file opened, creating split view
2025-11-26T18:10:14.115Z INFO splitCodeView: Creating split layout with code on left, Pythagora on right
2025-11-26T18:10:14.389Z INFO splitCodeView: Split layout created successfully
2025-11-26T18:10:36.127Z INFO [MainProvider] First file opened, creating split view
2025-11-26T18:10:36.128Z INFO splitCodeView: Creating split layout with code on left, Pythagora on right
2025-11-26T18:10:36.424Z INFO splitCodeView: Split layout created successfully
2025-11-26T18:12:09.888Z INFO Successfully restored from code view
2025-11-26T18:12:48.185Z INFO [MainProvider] First file opened, creating split view
2025-11-26T18:12:48.185Z INFO splitCodeView: Creating split layout with code on left, Pythagora on right
2025-11-26T18:12:48.449Z INFO splitCodeView: Split layout created successfully
2025-11-26T18:12:53.141Z INFO [MainProvider] First file opened, creating split view
2025-11-26T18:12:53.142Z INFO splitCodeView: Creating split layout with code on left, Pythagora on right
2025-11-26T18:12:53.393Z INFO splitCodeView: Split layout created successfully
2025-11-26T18:13:15.881Z INFO [MainProvider] First file opened, creating split view
2025-11-26T18:13:15.882Z INFO splitCodeView: Creating split layout with code on left, Pythagora on right
2025-11-26T18:13:15.952Z INFO splitCodeView: Split layout created successfully
2025-11-26T18:13:16.141Z INFO [MainProvider] First file opened, creating split view
2025-11-26T18:13:16.142Z INFO splitCodeView: Creating split layout with code on left, Pythagora on right
2025-11-26T18:13:16.152Z INFO Successfully restored from code view
2025-11-26T18:13:16.373Z INFO splitCodeView: Split layout created successfully
2025-11-26T18:13:21.643Z INFO [MainProvider] First file opened, creating split view
2025-11-26T18:13:21.644Z INFO splitCodeView: Creating split layout with code on left, Pythagora on right
2025-11-26T18:13:21.891Z INFO splitCodeView: Split layout created successfully
2025-11-26T18:13:31.399Z INFO [MainProvider] First file opened, creating split view
2025-11-26T18:13:31.399Z INFO splitCodeView: Creating split layout with code on left, Pythagora on right
2025-11-26T18:13:31.458Z INFO splitCodeView: Split layout created successfully
2025-11-27T18:26:19.881Z INFO [MainProvider] First file opened, creating split view
2025-11-27T18:26:19.884Z INFO splitCodeView: Creating split layout with code on left, Pythagora on right
2025-11-27T18:26:20.018Z INFO [MainProvider] First file opened, creating split view
2025-11-27T18:26:20.018Z INFO splitCodeView: Creating split layout with code on left, Pythagora on right
2025-11-27T18:26:20.038Z INFO Successfully restored from code view
2025-11-27T18:26:20.130Z INFO splitCodeView: Split layout created successfully
2025-11-27T18:26:20.187Z INFO splitCodeView: Split layout created successfully
2025-11-27T18:26:27.498Z INFO Successfully restored from code view
2025-11-27T18:26:28.313Z INFO [MainProvider] First file opened, creating split view
2025-11-27T18:26:28.314Z INFO splitCodeView: Creating split layout with code on left, Pythagora on right
2025-11-27T18:26:28.552Z INFO splitCodeView: Split layout created successfully
2025-11-27T18:26:40.639Z INFO [MainProvider] First file opened, creating split view
2025-11-27T18:26:40.639Z INFO splitCodeView: Creating split layout with code on left, Pythagora on right
2025-11-27T18:26:40.936Z INFO splitCodeView: Split layout created successfully
2025-11-27T18:26:43.592Z INFO [MainProvider] First file opened, creating split view
2025-11-27T18:26:43.592Z INFO splitCodeView: Creating split layout with code on left, Pythagora on right
2025-11-27T18:26:43.717Z INFO splitCodeView: Split layout created successfully
2025-11-27T18:26:44.141Z INFO Successfully restored from code view
2025-11-27T18:26:46.732Z INFO [MainProvider] First file opened, creating split view
2025-11-27T18:26:46.733Z INFO splitCodeView: Creating split layout with code on left, Pythagora on right
2025-11-27T18:26:46.956Z INFO splitCodeView: Split layout created successfully
2025-11-27T18:27:12.151Z INFO [MainProvider] First file opened, creating split view
2025-11-27T18:27:12.152Z INFO splitCodeView: Creating split layout with code on left, Pythagora on right
2025-11-27T18:27:12.366Z INFO splitCodeView: Split layout created successfully
2025-11-27T18:27:45.616Z INFO [MainProvider] First file opened, creating split view
2025-11-27T18:27:45.617Z INFO splitCodeView: Creating split layout with code on left, Pythagora on right
2025-11-27T18:27:45.684Z INFO splitCodeView: Split layout created successfully
2025-11-27T18:27:55.879Z INFO [MainProvider] First file opened, creating split view
2025-11-27T18:27:55.879Z INFO splitCodeView: Creating split layout with code on left, Pythagora on right
2025-11-27T18:27:55.943Z INFO splitCodeView: Split layout created successfully
2025-11-27T18:27:56.090Z INFO [MainProvider] First file opened, creating split view
2025-11-27T18:27:56.090Z INFO splitCodeView: Creating split layout with code on left, Pythagora on right
2025-11-27T18:27:56.231Z INFO Successfully restored from code view
2025-11-27T18:27:56.311Z INFO splitCodeView: Split layout created successfully
2025-11-27T18:28:01.764Z INFO [MainProvider] First file opened, creating split view
2025-11-27T18:28:01.765Z INFO splitCodeView: Creating split layout with code on left, Pythagora on right
2025-11-27T18:28:01.990Z INFO splitCodeView: Split layout created successfully
2025-11-27T18:29:01.648Z INFO [MainProvider] First file opened, creating split view
2025-11-27T18:29:01.650Z INFO splitCodeView: Creating split layout with code on left, Pythagora on right
2025-11-27T18:29:01.863Z INFO splitCodeView: Split layout created successfully
2025-11-27T18:41:00.948Z INFO Successfully restored from code view
2025-11-27T18:41:03.780Z INFO [MainProvider] First file opened, creating split view
2025-11-27T18:41:03.781Z INFO splitCodeView: Creating split layout with code on left, Pythagora on right
2025-11-27T18:41:04.061Z INFO splitCodeView: Split layout created successfully
2025-11-27T18:41:15.895Z INFO [MainProvider] First file opened, creating split view
2025-11-27T18:41:15.896Z INFO splitCodeView: Creating split layout with code on left, Pythagora on right
2025-11-27T18:41:16.146Z INFO splitCodeView: Split layout created successfully
2025-11-27T18:41:23.349Z INFO [MainProvider] First file opened, creating split view
2025-11-27T18:41:23.349Z INFO splitCodeView: Creating split layout with code on left, Pythagora on right
2025-11-27T18:41:23.417Z INFO splitCodeView: Split layout created successfully
2025-11-27T18:41:23.589Z INFO [MainProvider] First file opened, creating split view
2025-11-27T18:41:23.590Z INFO splitCodeView: Creating split layout with code on left, Pythagora on right
2025-11-27T18:41:23.632Z INFO Successfully restored from code view
2025-11-27T18:41:23.862Z INFO splitCodeView: Split layout created successfully
2025-11-27T18:41:29.548Z INFO [MainProvider] First file opened, creating split view
2025-11-27T18:41:29.549Z INFO splitCodeView: Creating split layout with code on left, Pythagora on right
2025-11-27T18:41:29.802Z INFO splitCodeView: Split layout created successfully
2025-11-27T18:41:50.086Z INFO [MainProvider] First file opened, creating split view
2025-11-27T18:41:50.087Z INFO splitCodeView: Creating split layout with code on left, Pythagora on right
2025-11-27T18:41:50.152Z INFO splitCodeView: Split layout created successfully
2025-11-27T18:41:53.425Z INFO [MainProvider] First file opened, creating split view
2025-11-27T18:41:53.426Z INFO splitCodeView: Creating split layout with code on left, Pythagora on right
2025-11-27T18:41:53.491Z INFO splitCodeView: Split layout created successfully
2025-11-27T18:42:05.350Z INFO [MainProvider] First file opened, creating split view
2025-11-27T18:42:05.350Z INFO splitCodeView: Creating split layout with code on left, Pythagora on right
2025-11-27T18:42:05.412Z INFO splitCodeView: Split layout created successfully
2025-11-27T18:42:18.466Z INFO [MainProvider] First file opened, creating split view
2025-11-27T18:42:18.467Z INFO splitCodeView: Creating split layout with code on left, Pythagora on right
2025-11-27T18:42:18.534Z INFO splitCodeView: Split layout created successfully
2025-11-27T18:42:27.189Z INFO [MainProvider] First file opened, creating split view
2025-11-27T18:42:27.190Z INFO splitCodeView: Creating split layout with code on left, Pythagora on right
2025-11-27T18:42:27.259Z INFO splitCodeView: Split layout created successfully
2025-11-27T18:42:30.301Z INFO [MainProvider] First file opened, creating split view
2025-11-27T18:42:30.302Z INFO splitCodeView: Creating split layout with code on left, Pythagora on right
2025-11-27T18:42:30.369Z INFO splitCodeView: Split layout created successfully
2025-11-27T18:42:32.673Z INFO [MainProvider] First file opened, creating split view
2025-11-27T18:42:32.674Z INFO splitCodeView: Creating split layout with code on left, Pythagora on right
2025-11-27T18:42:32.746Z INFO splitCodeView: Split layout created successfully
2025-11-27T18:42:36.118Z INFO [MainProvider] First file opened, creating split view
2025-11-27T18:42:36.119Z INFO splitCodeView: Creating split layout with code on left, Pythagora on right
2025-11-27T18:42:36.183Z INFO splitCodeView: Split layout created successfully
2025-11-27T18:42:50.948Z INFO [MainProvider] First file opened, creating split view
2025-11-27T18:42:50.948Z INFO splitCodeView: Creating split layout with code on left, Pythagora on right
2025-11-27T18:42:51.020Z INFO splitCodeView: Split layout created successfully
2025-11-27T18:43:18.261Z INFO [MainProvider] First file opened, creating split view
2025-11-27T18:43:18.262Z INFO splitCodeView: Creating split layout with code on left, Pythagora on right
2025-11-27T18:43:18.301Z INFO Successfully restored from code view
2025-11-27T18:43:18.526Z INFO splitCodeView: Split layout created successfully
2025-11-27T18:43:54.314Z INFO [MainProvider] First file opened, creating split view
2025-11-27T18:43:54.315Z INFO splitCodeView: Creating split layout with code on left, Pythagora on right
2025-11-27T18:43:54.611Z INFO splitCodeView: Split layout created successfully
2025-11-27T18:44:05.441Z INFO [MainProvider] First file opened, creating split view
2025-11-27T18:44:05.441Z INFO splitCodeView: Creating split layout with code on left, Pythagora on right
2025-11-27T18:44:05.513Z INFO splitCodeView: Split layout created successfully
2025-11-27T18:44:05.738Z INFO Successfully restored from code view
2025-11-27T18:44:07.335Z INFO [MainProvider] First file opened, creating split view
2025-11-27T18:44:07.336Z INFO splitCodeView: Creating split layout with code on left, Pythagora on right
2025-11-27T18:44:07.576Z INFO splitCodeView: Split layout created successfully
2025-11-27T18:44:39.003Z INFO [MainProvider] First file opened, creating split view
2025-11-27T18:44:39.003Z INFO splitCodeView: Creating split layout with code on left, Pythagora on right
2025-11-27T18:44:39.220Z INFO splitCodeView: Split layout created successfully
2025-11-27T18:44:56.351Z INFO [MainProvider] First file opened, creating split view
2025-11-27T18:44:56.352Z INFO splitCodeView: Creating split layout with code on left, Pythagora on right
2025-11-27T18:44:56.419Z INFO splitCodeView: Split layout created successfully
2025-11-27T18:44:56.569Z INFO [MainProvider] First file opened, creating split view
2025-11-27T18:44:56.570Z INFO splitCodeView: Creating split layout with code on left, Pythagora on right
2025-11-27T18:44:56.642Z INFO Successfully restored from code view
2025-11-27T18:44:56.808Z INFO splitCodeView: Split layout created successfully
2025-11-27T18:45:08.317Z INFO [MainProvider] First file opened, creating split view
2025-11-27T18:45:08.317Z INFO splitCodeView: Creating split layout with code on left, Pythagora on right
2025-11-27T18:45:08.535Z INFO splitCodeView: Split layout created successfully
2025-11-27T18:49:11.076Z INFO [MainProvider] First file opened, creating split view
2025-11-27T18:49:11.077Z INFO splitCodeView: Creating split layout with code on left, Pythagora on right
2025-11-27T18:49:11.146Z INFO splitCodeView: Split layout created successfully
2025-11-27T18:49:11.696Z INFO Successfully restored from code view
2025-11-27T18:49:14.037Z INFO [MainProvider] First file opened, creating split view
2025-11-27T18:49:14.037Z INFO splitCodeView: Creating split layout with code on left, Pythagora on right
2025-11-27T18:49:14.274Z INFO splitCodeView: Split layout created successfully
2025-11-27T19:02:22.966Z INFO [MainProvider] First file opened, creating split view
2025-11-27T19:02:22.968Z INFO splitCodeView: Creating split layout with code on left, Pythagora on right
2025-11-27T19:02:23.204Z INFO splitCodeView: Split layout created successfully
2025-11-27T19:03:25.634Z INFO [MainProvider] First file opened, creating split view
2025-11-27T19:03:25.635Z INFO splitCodeView: Creating split layout with code on left, Pythagora on right
2025-11-27T19:03:25.697Z INFO splitCodeView: Split layout created successfully
2025-11-27T19:03:25.910Z INFO Successfully restored from code view
2025-11-27T19:03:27.843Z INFO [MainProvider] First file opened, creating split view
2025-11-27T19:03:27.844Z INFO splitCodeView: Creating split layout with code on left, Pythagora on right
2025-11-27T19:03:28.127Z INFO splitCodeView: Split layout created successfully
2025-11-27T19:03:36.267Z INFO [MainProvider] First file opened, creating split view
2025-11-27T19:03:36.268Z INFO splitCodeView: Creating split layout with code on left, Pythagora on right
2025-11-27T19:03:36.502Z INFO splitCodeView: Split layout created successfully
2025-11-29T09:11:31.758Z INFO SharedStateManager initialized
2025-11-29T09:11:31.759Z INFO Is remote: false
2025-11-29T09:11:31.760Z INFO Starting Local. Installation path: e:\git\New code extraction project for page
2025-11-29T09:11:31.762Z INFO [MainProvider] Creating new MainProvider instance...
2025-11-29T09:11:31.766Z INFO Installation path exists: e:\git\New code extraction project for page
2025-11-29T09:11:31.767Z INFO Initializing database with URL: file:e:\git\New code extraction project for page\pythagora-core\data\database\pythagora.db
2025-11-29T09:11:31.775Z INFO Database file exists, skipping prisma generate/push for faster startup
2025-11-29T09:11:31.776Z INFO Database initialized successfully
2025-11-29T09:11:31.777Z INFO [Migration] Checking for database migration...
2025-11-29T09:11:32.110Z INFO [Migration] No migration needed
2025-11-29T09:12:41.290Z INFO Closing entire Pythagora extension...
2025-11-29T09:12:41.529Z ERROR Error closing extension
Error: Canceled
Stack: Canceled: Canceled
    at new MR (file:///c:/Users/Ekta/AppData/Local/Programs/Microsoft%20VS%20Code/resources/app/out/vs/workbench/api/node/extensionHostProcess.js:29:116391)
    at U4.U (file:///c:/Users/Ekta/AppData/Local/Programs/Microsoft%20VS%20Code/resources/app/out/vs/workbench/api/node/extensionHostProcess.js:29:121001)
    at Proxy.s.<computed>.n.charCodeAt.s.<computed> (file:///c:/Users/Ekta/AppData/Local/Programs/Microsoft%20VS%20Code/resources/app/out/vs/workbench/api/node/extensionHostProcess.js:29:118495)
    at iy.g (file:///c:/Users/Ekta/AppData/Local/Programs/Microsoft%20VS%20Code/resources/app/out/vs/workbench/api/node/extensionHostProcess.js:114:41101)
    at iy.executeCommand (file:///c:/Users/Ekta/AppData/Local/Programs/Microsoft%20VS%20Code/resources/app/out/vs/workbench/api/node/extensionHostProcess.js:114:40605)
    at Object.executeCommand (file:///c:/Users/Ekta/AppData/Local/Programs/Microsoft%20VS%20Code/resources/app/out/vs/workbench/api/node/extensionHostProcess.js:201:105071)
    at closeEntirePythagoraExtension (c:\Users\Ekta\.vscode\extensions\pythagoratechnologies.pythagora-vs-code-2.5.34\out\extension.js:536:31)
    at Object.deactivate (c:\Users\Ekta\.vscode\extensions\pythagoratechnologies.pythagora-vs-code-2.5.34\out\extension.js:427:15)
    at SZ.eb (file:///c:/Users/Ekta/AppData/Local/Programs/Microsoft%20VS%20Code/resources/app/out/vs/workbench/api/node/extensionHostProcess.js:118:11797)
    at file:///c:/Users/Ekta/AppData/Local/Programs/Microsoft%20VS%20Code/resources/app/out/vs/workbench/api/node/extensionHostProcess.js:118:9947
    at Array.map (<anonymous>)
    at SZ.$ (file:///c:/Users/Ekta/AppData/Local/Programs/Microsoft%20VS%20Code/resources/app/out/vs/workbench/api/node/extensionHostProcess.js:118:9935)
    at SZ.terminate (file:///c:/Users/Ekta/AppData/Local/Programs/Microsoft%20VS%20Code/resources/app/out/vs/workbench/api/node/extensionHostProcess.js:118:10178)
    at H3.terminate (file:///c:/Users/Ekta/AppData/Local/Programs/Microsoft%20VS%20Code/resources/app/out/vs/workbench/api/node/extensionHostProcess.js:120:914)
    at Ss (file:///c:/Users/Ekta/AppData/Local/Programs/Microsoft%20VS%20Code/resources/app/out/vs/workbench/api/node/extensionHostProcess.js:393:10409)
    at MessagePortMain.<anonymous> (file:///c:/Users/Ekta/AppData/Local/Programs/Microsoft%20VS%20Code/resources/app/out/vs/workbench/api/node/extensionHostProcess.js:393:6948)
    at MessagePortMain.emit (node:events:519:28)
    at Object.MessagePortMain._internalPort.emit (node:electron/js2c/utility_init:2:2949)
    at Object.callbackTrampoline (node:internal/async_hooks:130:17)
Extra context: {
  "message": "Canceled"
}
2025-11-29T09:27:49.944Z INFO [MainProvider] First file opened, creating split view
2025-11-29T09:27:49.948Z INFO splitCodeView: Creating split layout with code on left, Pythagora on right
2025-11-29T09:27:50.095Z INFO splitCodeView: Split layout created successfully
2025-11-29T09:28:17.674Z INFO Successfully restored from code view
2025-11-29T09:28:20.133Z INFO [MainProvider] First file opened, creating split view
2025-11-29T09:28:20.134Z INFO splitCodeView: Creating split layout with code on left, Pythagora on right
2025-11-29T09:28:20.393Z INFO splitCodeView: Split layout created successfully
2025-11-29T10:17:29.405Z INFO [MainProvider] First file opened, creating split view
2025-11-29T10:17:29.405Z INFO splitCodeView: Creating split layout with code on left, Pythagora on right
2025-11-29T10:17:30.014Z INFO splitCodeView: Split layout created successfully
2025-11-29T18:28:35.706Z INFO [MainProvider] First file opened, creating split view
2025-11-29T18:28:35.707Z INFO splitCodeView: Creating split layout with code on left, Pythagora on right
2025-11-29T18:28:35.859Z INFO splitCodeView: Split layout created successfully
2025-11-29T18:35:48.781Z INFO [MainProvider] First file opened, creating split view
2025-11-29T18:35:48.782Z INFO splitCodeView: Creating split layout with code on left, Pythagora on right
2025-11-29T18:35:48.857Z INFO splitCodeView: Split layout created successfully
2025-11-29T18:36:09.659Z INFO Successfully restored from code view
2025-11-29T18:36:47.293Z INFO [MainProvider] First file opened, creating split view
2025-11-29T18:36:47.293Z INFO splitCodeView: Creating split layout with code on left, Pythagora on right
2025-11-29T18:36:47.607Z INFO splitCodeView: Split layout created successfully
2025-11-29T18:36:57.382Z INFO [MainProvider] First file opened, creating split view
2025-11-29T18:36:57.383Z INFO splitCodeView: Creating split layout with code on left, Pythagora on right
2025-11-29T18:36:57.609Z INFO splitCodeView: Split layout created successfully
2025-11-29T18:39:05.537Z INFO [MainProvider] First file opened, creating split view
2025-11-29T18:39:05.538Z INFO splitCodeView: Creating split layout with code on left, Pythagora on right
2025-11-29T18:39:05.604Z INFO splitCodeView: Split layout created successfully
2025-11-29T18:39:05.818Z INFO Successfully restored from code view
2025-11-29T18:39:07.307Z INFO [MainProvider] First file opened, creating split view
2025-11-29T18:39:07.307Z INFO splitCodeView: Creating split layout with code on left, Pythagora on right
2025-11-29T18:39:07.539Z INFO splitCodeView: Split layout created successfully
